// Jest Snapshot v1, https://goo.gl/fbAQLP

exports[`example.js multipl 1`] = `10000`;
